// Jest Snapshot v1, https://goo.gl/fbAQLP

exports[`renders 1`] = `
<DocumentFragment>
  <header
    class="fancy-h1"
    data-testid="hitag"
  >
    <h1>
      Hello
    </h1>
  </header>
</DocumentFragment>
`;
