// Jest Snapshot v1, https://goo.gl/fbAQLP

exports[`renders 1`] = `
<DocumentFragment>
  <header>
    <h2>
      Hello
    </h2>
  </header>
</DocumentFragment>
`;
